// Jest Snapshot v1, https://goo.gl/fbAQLP

exports[`Renders the error screen if the users role is not in the accepted list should render the editor page correctly when given an invalid role 1`] = `
{
  "asFragment": [Function],
  "baseElement": <body>
    <div>
      <div>
        <label
          class="ons-label"
          for="select-questionnaire"
        >
          Select questionnaire
           
        </label>
        <select
          class="ons-input "
          data-testid="select-questionnaire"
          id="select-questionnaire"
          name="select"
        >
          <option
            data-testid="select-select-questionnaire"
            disabled=""
            value=""
          >
            Select an option
          </option>
          <option
            data-testid="option-select-questionnaire-FRS2408B_EDIT"
            selected=""
            value="FRS2408B_EDIT"
          >
            FRS2408B (August 2024)
          </option>
        </select>
      </div>
      <div
        class="ons-panel ons-panel--error ons-panel--no-title  ons-u-mt-m"
      >
        <div
          class="ons-panel__body "
        >
          <h4>
            Something went wrong
          </h4>
          <p
            data-testid="ErrorMessage"
          >
            User role invalid_Role not recognised
          </p>
        </div>
      </div>
    </div>
  </body>,
  "container": <div>
    <div>
      <label
        class="ons-label"
        for="select-questionnaire"
      >
        Select questionnaire
         
      </label>
      <select
        class="ons-input "
        data-testid="select-questionnaire"
        id="select-questionnaire"
        name="select"
      >
        <option
          data-testid="select-select-questionnaire"
          disabled=""
          value=""
        >
          Select an option
        </option>
        <option
          data-testid="option-select-questionnaire-FRS2408B_EDIT"
          selected=""
          value="FRS2408B_EDIT"
        >
          FRS2408B (August 2024)
        </option>
      </select>
    </div>
    <div
      class="ons-panel ons-panel--error ons-panel--no-title  ons-u-mt-m"
    >
      <div
        class="ons-panel__body "
      >
        <h4>
          Something went wrong
        </h4>
        <p
          data-testid="ErrorMessage"
        >
          User role invalid_Role not recognised
        </p>
      </div>
    </div>
  </div>,
  "debug": [Function],
  "findAllByAltText": [Function],
  "findAllByDisplayValue": [Function],
  "findAllByLabelText": [Function],
  "findAllByPlaceholderText": [Function],
  "findAllByRole": [Function],
  "findAllByTestId": [Function],
  "findAllByText": [Function],
  "findAllByTitle": [Function],
  "findByAltText": [Function],
  "findByDisplayValue": [Function],
  "findByLabelText": [Function],
  "findByPlaceholderText": [Function],
  "findByRole": [Function],
  "findByTestId": [Function],
  "findByText": [Function],
  "findByTitle": [Function],
  "getAllByAltText": [Function],
  "getAllByDisplayValue": [Function],
  "getAllByLabelText": [Function],
  "getAllByPlaceholderText": [Function],
  "getAllByRole": [Function],
  "getAllByTestId": [Function],
  "getAllByText": [Function],
  "getAllByTitle": [Function],
  "getByAltText": [Function],
  "getByDisplayValue": [Function],
  "getByLabelText": [Function],
  "getByPlaceholderText": [Function],
  "getByRole": [Function],
  "getByTestId": [Function],
  "getByText": [Function],
  "getByTitle": [Function],
  "queryAllByAltText": [Function],
  "queryAllByDisplayValue": [Function],
  "queryAllByLabelText": [Function],
  "queryAllByPlaceholderText": [Function],
  "queryAllByRole": [Function],
  "queryAllByTestId": [Function],
  "queryAllByText": [Function],
  "queryAllByTitle": [Function],
  "queryByAltText": [Function],
  "queryByDisplayValue": [Function],
  "queryByLabelText": [Function],
  "queryByPlaceholderText": [Function],
  "queryByRole": [Function],
  "queryByTestId": [Function],
  "queryByText": [Function],
  "queryByTitle": [Function],
  "rerender": [Function],
  "unmount": [Function],
}
`;
